#
# There is insufficient memory for the Java Runtime Environment to continue.
# Native memory allocation (malloc) failed to allocate 642240 bytes for Chunk::new
# Possible reasons:
#   The system is out of physical RAM or swap space
#   The process is running with CompressedOops enabled, and the Java Heap may be blocking the growth of the native heap
# Possible solutions:
#   Reduce memory load on the system
#   Increase physical memory or swap space
#   Check if swap backing store is full
#   Decrease Java heap size (-Xmx/-Xms)
#   Decrease number of Java threads
#   Decrease Java thread stack sizes (-Xss)
#   Set larger code cache with -XX:ReservedCodeCacheSize=
#   JVM is running with Zero Based Compressed Oops mode in which the Java heap is
#     placed in the first 32GB address space. The Java Heap base address is the
#     maximum limit for the native heap growth. Please use -XX:HeapBaseMinAddress
#     to set the Java Heap base and to place the Java Heap above 32GB virtual address.
# This output file may be truncated or incomplete.
#
#  Out of Memory Error (arena.cpp:168), pid=6652, tid=28900
#
# JRE version: Java(TM) SE Runtime Environment (21.0.3+7) (build 21.0.3+7-LTS-152)
# Java VM: Java HotSpot(TM) 64-Bit Server VM (21.0.3+7-LTS-152, mixed mode, sharing, tiered, compressed oops, compressed class ptrs, g1 gc, windows-amd64)
# No core dump will be written. Minidumps are not enabled by default on client versions of Windows
#

---------------  S U M M A R Y ------------

Command Line: -javaagent:C:\Program Files\JetBrains\IntelliJ IDEA Community Edition 2024.1.1\lib\idea_rt.jar=52162:C:\Program Files\JetBrains\IntelliJ IDEA Community Edition 2024.1.1\bin -Dfile.encoding=UTF-8 -Dsun.stdout.encoding=UTF-8 -Dsun.stderr.encoding=UTF-8 com.example.assignment3.assignment3_backend.Assignment3BackendApplication

Host: Intel(R) Core(TM) i7-10750H CPU @ 2.60GHz, 12 cores, 15G,  Windows 10 , 64 bit Build 19041 (10.0.19041.5072)
Time: Tue Nov 19 19:42:10 2024 Eastern Standard Time elapsed time: 20.708798 seconds (0d 0h 0m 20s)

---------------  T H R E A D  ---------------

Current thread (0x000001686e4eab00):  JavaThread "C2 CompilerThread2" daemon [_thread_in_native, id=28900, stack(0x000000058e000000,0x000000058e100000) (1024K)]


Current CompileTask:
C2:  20708 3529       4       org.springframework.beans.factory.support.AbstractAutowireCapableBeanFactory::predictBeanType (128 bytes)

Stack: [0x000000058e000000,0x000000058e100000]
Native frames: (J=compiled Java code, j=interpreted, Vv=VM code, C=native code)
V  [jvm.dll+0x6c63b9]
V  [jvm.dll+0x84fa11]
V  [jvm.dll+0x851f3e]
V  [jvm.dll+0x852613]
V  [jvm.dll+0x27cd46]
V  [jvm.dll+0xc4aad]
V  [jvm.dll+0xc4fe3]
V  [jvm.dll+0x3b1d5c]
V  [jvm.dll+0x37e485]
V  [jvm.dll+0x37d8fa]
V  [jvm.dll+0x245b40]
V  [jvm.dll+0x24511f]
V  [jvm.dll+0x1c689e]
V  [jvm.dll+0x254609]
V  [jvm.dll+0x252b9a]
V  [jvm.dll+0x3eb056]
V  [jvm.dll+0x7f9ffb]
V  [jvm.dll+0x6c4a9d]
C  [ucrtbase.dll+0x21bb2]
C  [KERNEL32.DLL+0x17374]
C  [ntdll.dll+0x4cc91]


---------------  P R O C E S S  ---------------

Threads class SMR info:
_java_thread_list=0x000001686c514c30, length=14, elements={
0x000001684596adf0, 0x0000016866ff0500, 0x0000016866ff1420, 0x0000016866ff4200,
0x0000016866ff4d40, 0x0000016866ff5a20, 0x0000016866ffce00, 0x0000016866ffe3b0,
0x0000016867004f40, 0x000001686703da20, 0x0000016867694d10, 0x0000016867695380,
0x000001686ce63ff0, 0x000001686e4eab00
}

Java Threads: ( => current thread )
  0x000001684596adf0 JavaThread "main"                              [_thread_in_vm, id=1036, stack(0x000000058c300000,0x000000058c400000) (1024K)]
  0x0000016866ff0500 JavaThread "Reference Handler"          daemon [_thread_blocked, id=29412, stack(0x000000058cb00000,0x000000058cc00000) (1024K)]
  0x0000016866ff1420 JavaThread "Finalizer"                  daemon [_thread_blocked, id=8356, stack(0x000000058cc00000,0x000000058cd00000) (1024K)]
  0x0000016866ff4200 JavaThread "Signal Dispatcher"          daemon [_thread_blocked, id=28072, stack(0x000000058cd00000,0x000000058ce00000) (1024K)]
  0x0000016866ff4d40 JavaThread "Attach Listener"            daemon [_thread_blocked, id=25944, stack(0x000000058ce00000,0x000000058cf00000) (1024K)]
  0x0000016866ff5a20 JavaThread "Service Thread"             daemon [_thread_blocked, id=25984, stack(0x000000058cf00000,0x000000058d000000) (1024K)]
  0x0000016866ffce00 JavaThread "Monitor Deflation Thread"   daemon [_thread_blocked, id=1648, stack(0x000000058d000000,0x000000058d100000) (1024K)]
  0x0000016866ffe3b0 JavaThread "C2 CompilerThread0"         daemon [_thread_in_native, id=13212, stack(0x000000058d100000,0x000000058d200000) (1024K)]
  0x0000016867004f40 JavaThread "C1 CompilerThread0"         daemon [_thread_blocked, id=28644, stack(0x000000058d200000,0x000000058d300000) (1024K)]
  0x000001686703da20 JavaThread "Common-Cleaner"             daemon [_thread_blocked, id=23740, stack(0x000000058d300000,0x000000058d400000) (1024K)]
  0x0000016867694d10 JavaThread "Monitor Ctrl-Break"         daemon [_thread_in_native, id=29020, stack(0x000000058d400000,0x000000058d500000) (1024K)]
  0x0000016867695380 JavaThread "Notification Thread"        daemon [_thread_blocked, id=29004, stack(0x000000058d500000,0x000000058d600000) (1024K)]
  0x000001686ce63ff0 JavaThread "C2 CompilerThread1"         daemon [_thread_in_native, id=28544, stack(0x000000058dd00000,0x000000058de00000) (1024K)]
=>0x000001686e4eab00 JavaThread "C2 CompilerThread2"         daemon [_thread_in_native, id=28900, stack(0x000000058e000000,0x000000058e100000) (1024K)]
Total: 14

Other Threads:
  0x0000016866fd66c0 VMThread "VM Thread"                           [id=22460, stack(0x000000058ca00000,0x000000058cb00000) (1024K)]
  0x0000016866fbbdc0 WatcherThread "VM Periodic Task Thread"        [id=24032, stack(0x000000058c900000,0x000000058ca00000) (1024K)]
  0x0000016847b0f2d0 WorkerThread "GC Thread#0"                     [id=5648, stack(0x000000058c400000,0x000000058c500000) (1024K)]
  0x000001686777a950 WorkerThread "GC Thread#1"                     [id=25788, stack(0x000000058d600000,0x000000058d700000) (1024K)]
  0x000001686777acf0 WorkerThread "GC Thread#2"                     [id=18144, stack(0x000000058d700000,0x000000058d800000) (1024K)]
  0x000001686777b090 WorkerThread "GC Thread#3"                     [id=19760, stack(0x000000058d800000,0x000000058d900000) (1024K)]
  0x00000168671e8320 WorkerThread "GC Thread#4"                     [id=12412, stack(0x000000058d900000,0x000000058da00000) (1024K)]
  0x00000168671e86c0 WorkerThread "GC Thread#5"                     [id=20968, stack(0x000000058da00000,0x000000058db00000) (1024K)]
  0x00000168679d6860 WorkerThread "GC Thread#6"                     [id=26776, stack(0x000000058db00000,0x000000058dc00000) (1024K)]
  0x00000168679ea110 WorkerThread "GC Thread#7"                     [id=29364, stack(0x000000058dc00000,0x000000058dd00000) (1024K)]
  0x00000168679ea850 WorkerThread "GC Thread#8"                     [id=16328, stack(0x000000058de00000,0x000000058df00000) (1024K)]
  0x00000168679ea4b0 WorkerThread "GC Thread#9"                     [id=25948, stack(0x000000058df00000,0x000000058e000000) (1024K)]
  0x0000016847b200c0 ConcurrentGCThread "G1 Main Marker"            [id=1924, stack(0x000000058c500000,0x000000058c600000) (1024K)]
  0x0000016847b21270 WorkerThread "G1 Conc#0"                       [id=28568, stack(0x000000058c600000,0x000000058c700000) (1024K)]
  0x00000168679e9d70 WorkerThread "G1 Conc#1"                       [id=27728, stack(0x000000058e100000,0x000000058e200000) (1024K)]
  0x000001686e5949a0 WorkerThread "G1 Conc#2"                       [id=21104, stack(0x000000058e200000,0x000000058e300000) (1024K)]
  0x0000016847b6e7e0 ConcurrentGCThread "G1 Refine#0"               [id=23620, stack(0x000000058c700000,0x000000058c800000) (1024K)]
  0x0000016866e8d930 ConcurrentGCThread "G1 Service"                [id=26356, stack(0x000000058c800000,0x000000058c900000) (1024K)]
Total: 18

Threads with active compile tasks:
C2 CompilerThread0    21029 3531       4       org.springframework.core.ResolvableType::forType (112 bytes)
C2 CompilerThread1    21030 3533       4       org.springframework.beans.factory.support.AbstractBeanFactory::isTypeMatch (745 bytes)
C2 CompilerThread2    21030 3529       4       org.springframework.beans.factory.support.AbstractAutowireCapableBeanFactory::predictBeanType (128 bytes)
Total: 3

VM state: not at safepoint (normal execution)

VM Mutex/Monitor currently owned by a thread: None

Heap address: 0x0000000703200000, size: 4046 MB, Compressed Oops mode: Zero based, Oop shift amount: 3

CDS archive(s) mapped at: [0x0000016800000000-0x0000016800c90000-0x0000016800c90000), size 13172736, SharedBaseAddress: 0x0000016800000000, ArchiveRelocationMode: 1.
Compressed class space mapped at: 0x0000016801000000-0x0000016841000000, reserved size: 1073741824
Narrow klass base: 0x0000016800000000, Narrow klass shift: 0, Narrow klass range: 0x100000000

GC Precious Log:
 CardTable entry size: 512
 Card Set container configuration: InlinePtr #cards 4 size 8 Array Of Cards #cards 16 size 48 Howl #buckets 8 coarsen threshold 3686 Howl Bitmap #cards 512 size 80 coarsen threshold 460 Card regions per heap region 1 cards per card region 4096
 CPUs: 12 total, 12 available
 Memory: 16177M
 Large Page Support: Disabled
 NUMA Support: Disabled
 Compressed Oops: Enabled (Zero based)
 Heap Region Size: 2M
 Heap Min Capacity: 8M
 Heap Initial Capacity: 254M
 Heap Max Capacity: 4046M
 Pre-touch: Disabled
 Parallel Workers: 10
 Concurrent Workers: 3
 Concurrent Refinement Workers: 10
 Periodic GC: Disabled

Heap:
 garbage-first heap   total 55296K, used 29320K [0x0000000703200000, 0x0000000800000000)
  region size 2048K, 12 young (24576K), 3 survivors (6144K)
 Metaspace       used 24412K, committed 24896K, reserved 1114112K
  class space    used 3032K, committed 3264K, reserved 1048576K

Heap Regions: E=young(eden), S=young(survivor), O=old, HS=humongous(starts), HC=humongous(continues), CS=collection set, F=free, TAMS=top-at-mark-start, PB=parsable bottom
|   0|0x0000000703200000, 0x0000000703400000, 0x0000000703400000|100%| O|  |TAMS 0x0000000703200000| PB 0x0000000703200000| Untracked 
|   1|0x0000000703400000, 0x0000000703600000, 0x0000000703600000|100%| O|  |TAMS 0x0000000703400000| PB 0x0000000703400000| Untracked 
|   2|0x0000000703600000, 0x0000000703800000, 0x0000000703800000|100%| O|  |TAMS 0x0000000703600000| PB 0x0000000703600000| Untracked 
|   3|0x0000000703800000, 0x00000007038a2388, 0x0000000703a00000| 31%| O|Cm|TAMS 0x0000000703800000| PB 0x0000000703800000| Complete 
|   4|0x0000000703a00000, 0x0000000703a00000, 0x0000000703c00000|  0%| F|  |TAMS 0x0000000703a00000| PB 0x0000000703a00000| Untracked 
|   5|0x0000000703c00000, 0x0000000703c00000, 0x0000000703e00000|  0%| F|  |TAMS 0x0000000703c00000| PB 0x0000000703c00000| Untracked 
|   6|0x0000000703e00000, 0x0000000703e00000, 0x0000000704000000|  0%| F|  |TAMS 0x0000000703e00000| PB 0x0000000703e00000| Untracked 
|   7|0x0000000704000000, 0x0000000704000000, 0x0000000704200000|  0%| F|  |TAMS 0x0000000704000000| PB 0x0000000704000000| Untracked 
|   8|0x0000000704200000, 0x0000000704200000, 0x0000000704400000|  0%| F|  |TAMS 0x0000000704200000| PB 0x0000000704200000| Untracked 
|   9|0x0000000704400000, 0x0000000704400000, 0x0000000704600000|  0%| F|  |TAMS 0x0000000704400000| PB 0x0000000704400000| Untracked 
|  10|0x0000000704600000, 0x0000000704600000, 0x0000000704800000|  0%| F|  |TAMS 0x0000000704600000| PB 0x0000000704600000| Untracked 
|  11|0x0000000704800000, 0x0000000704800000, 0x0000000704a00000|  0%| F|  |TAMS 0x0000000704800000| PB 0x0000000704800000| Untracked 
|  12|0x0000000704a00000, 0x0000000704a00000, 0x0000000704c00000|  0%| F|  |TAMS 0x0000000704a00000| PB 0x0000000704a00000| Untracked 
|  13|0x0000000704c00000, 0x0000000704c00000, 0x0000000704e00000|  0%| F|  |TAMS 0x0000000704c00000| PB 0x0000000704c00000| Untracked 
|  14|0x0000000704e00000, 0x0000000704e00000, 0x0000000705000000|  0%| F|  |TAMS 0x0000000704e00000| PB 0x0000000704e00000| Untracked 
|  15|0x0000000705000000, 0x0000000705200000, 0x0000000705200000|100%| E|  |TAMS 0x0000000705000000| PB 0x0000000705000000| Complete 
|  16|0x0000000705200000, 0x0000000705400000, 0x0000000705400000|100%| E|CS|TAMS 0x0000000705200000| PB 0x0000000705200000| Complete 
|  17|0x0000000705400000, 0x0000000705600000, 0x0000000705600000|100%| E|CS|TAMS 0x0000000705400000| PB 0x0000000705400000| Complete 
|  18|0x0000000705600000, 0x0000000705800000, 0x0000000705800000|100%| E|CS|TAMS 0x0000000705600000| PB 0x0000000705600000| Complete 
|  19|0x0000000705800000, 0x0000000705a00000, 0x0000000705a00000|100%| E|CS|TAMS 0x0000000705800000| PB 0x0000000705800000| Complete 
|  20|0x0000000705a00000, 0x0000000705c00000, 0x0000000705c00000|100%| E|CS|TAMS 0x0000000705a00000| PB 0x0000000705a00000| Complete 
|  21|0x0000000705c00000, 0x0000000705e00000, 0x0000000705e00000|100%| E|CS|TAMS 0x0000000705c00000| PB 0x0000000705c00000| Complete 
|  22|0x0000000705e00000, 0x0000000706000000, 0x0000000706000000|100%| E|CS|TAMS 0x0000000705e00000| PB 0x0000000705e00000| Complete 
| 100|0x000000070fa00000, 0x000000070fc00000, 0x000000070fc00000|100%| S|CS|TAMS 0x000000070fa00000| PB 0x000000070fa00000| Complete 
| 101|0x000000070fc00000, 0x000000070fe00000, 0x000000070fe00000|100%| S|CS|TAMS 0x000000070fc00000| PB 0x000000070fc00000| Complete 
| 102|0x000000070fe00000, 0x0000000710000000, 0x0000000710000000|100%| S|CS|TAMS 0x000000070fe00000| PB 0x000000070fe00000| Complete 
| 126|0x0000000712e00000, 0x0000000713000000, 0x0000000713000000|100%| E|CS|TAMS 0x0000000712e00000| PB 0x0000000712e00000| Complete 

Card table byte_map: [0x000001685fc70000,0x0000016860460000] _byte_map_base: 0x000001685c457000

Marking Bits: (CMBitMap*) 0x0000016847b0f8e0
 Bits: [0x0000016860460000, 0x0000016864398000)

Polling page: 0x0000016845ab0000

Metaspace:

Usage:
  Non-class:     20.88 MB used.
      Class:      2.96 MB used.
       Both:     23.84 MB used.

Virtual space:
  Non-class space:       64.00 MB reserved,      21.12 MB ( 33%) committed,  1 nodes.
      Class space:        1.00 GB reserved,       3.19 MB ( <1%) committed,  1 nodes.
             Both:        1.06 GB reserved,      24.31 MB (  2%) committed. 

Chunk freelists:
   Non-Class:  10.86 MB
       Class:  12.80 MB
        Both:  23.66 MB

MaxMetaspaceSize: unlimited
CompressedClassSpaceSize: 1.00 GB
Initial GC threshold: 21.00 MB
Current GC threshold: 35.12 MB
CDS: on
 - commit_granule_bytes: 65536.
 - commit_granule_words: 8192.
 - virtual_space_node_default_size: 8388608.
 - enlarge_chunks_in_place: 1.
 - use_allocation_guard: 0.


Internal statistics:

num_allocs_failed_limit: 3.
num_arena_births: 482.
num_arena_deaths: 0.
num_vsnodes_births: 2.
num_vsnodes_deaths: 0.
num_space_committed: 389.
num_space_uncommitted: 0.
num_chunks_returned_to_freelist: 3.
num_chunks_taken_from_freelist: 1357.
num_chunk_merges: 3.
num_chunk_splits: 918.
num_chunks_enlarged: 638.
num_inconsistent_stats: 0.

CodeHeap 'non-profiled nmethods': size=120000Kb used=1724Kb max_used=1724Kb free=118275Kb
 bounds [0x00000168579f0000, 0x0000016857c60000, 0x000001685ef20000]
CodeHeap 'profiled nmethods': size=120000Kb used=7368Kb max_used=7368Kb free=112631Kb
 bounds [0x000001684ff20000, 0x0000016850660000, 0x0000016857450000]
CodeHeap 'non-nmethods': size=5760Kb used=1453Kb max_used=1569Kb free=4306Kb
 bounds [0x0000016857450000, 0x00000168576c0000, 0x00000168579f0000]
 total_blobs=4089 nmethods=3552 adapters=441
 compilation: enabled
              stopped_count=0, restarted_count=0
 full_count=0

Compilation events (20 events):
Event: 20.625 Thread 0x0000016867004f40 3528       3       org.springframework.core.MethodParameter::<init> (8 bytes)
Event: 20.626 Thread 0x0000016867004f40 nmethod 3528 0x000001685063e710 code [0x000001685063e9a0, 0x000001685063f8e0]
Event: 20.626 Thread 0x000001686e4eab00 3529       4       org.springframework.beans.factory.support.AbstractAutowireCapableBeanFactory::predictBeanType (128 bytes)
Event: 20.627 Thread 0x0000016867004f40 3530       3       sun.reflect.generics.parser.SignatureParser::parseTypeArgument (135 bytes)
Event: 20.627 Thread 0x0000016866ffe3b0 3531       4       org.springframework.core.ResolvableType::forType (112 bytes)
Event: 20.628 Thread 0x0000016867004f40 nmethod 3530 0x000001685063fd90 code [0x00000168506400e0, 0x00000168506418e0]
Event: 20.629 Thread 0x0000016867004f40 3532       3       org.springframework.core.ResolvableType::<init> (39 bytes)
Event: 20.629 Thread 0x0000016867004f40 nmethod 3532 0x0000016850641e90 code [0x0000016850642060, 0x0000016850642430]
Event: 20.630 Thread 0x000001686ce63ff0 nmethod 3525 0x0000016857b9e290 code [0x0000016857b9e460, 0x0000016857b9e920]
Event: 20.631 Thread 0x000001686ce63ff0 3533       4       org.springframework.beans.factory.support.AbstractBeanFactory::isTypeMatch (745 bytes)
Event: 20.639 Thread 0x0000016867004f40 3534   !   3       java.lang.reflect.Field::declaredAnnotations (82 bytes)
Event: 20.640 Thread 0x0000016867004f40 nmethod 3534 0x0000016850642510 code [0x0000016850642720, 0x0000016850642c80]
Event: 20.640 Thread 0x0000016867004f40 3535       3       org.springframework.core.annotation.MergedAnnotations::from (8 bytes)
Event: 20.640 Thread 0x0000016867004f40 nmethod 3535 0x0000016850642f10 code [0x00000168506430e0, 0x0000016850643338]
Event: 20.640 Thread 0x0000016867004f40 3536       3       org.springframework.util.ConcurrentReferenceHashMap::get (37 bytes)
Event: 20.640 Thread 0x0000016867004f40 nmethod 3536 0x0000016850643490 code [0x0000016850643680, 0x0000016850643a88]
Event: 20.640 Thread 0x0000016867004f40 3537       3       org.springframework.core.annotation.AnnotationUtils::findAnnotation (99 bytes)
Event: 20.642 Thread 0x0000016867004f40 nmethod 3537 0x0000016850643c10 code [0x0000016850644000, 0x0000016850645a50]
Event: 20.642 Thread 0x0000016867004f40 3538       3       org.springframework.core.ResolvableType::forMethodParameter (9 bytes)
Event: 20.643 Thread 0x0000016867004f40 nmethod 3538 0x0000016850646290 code [0x0000016850646460, 0x00000168506467f0]

GC Heap History (6 events):
Event: 11.175 GC heap before
{Heap before GC invocations=0 (full 0):
 garbage-first heap   total 260096K, used 20480K [0x0000000703200000, 0x0000000800000000)
  region size 2048K, 11 young (22528K), 0 survivors (0K)
 Metaspace       used 6243K, committed 6464K, reserved 1114112K
  class space    used 697K, committed 832K, reserved 1048576K
}
Event: 11.185 GC heap after
{Heap after GC invocations=1 (full 0):
 garbage-first heap   total 260096K, used 6677K [0x0000000703200000, 0x0000000800000000)
  region size 2048K, 2 young (4096K), 2 survivors (4096K)
 Metaspace       used 6243K, committed 6464K, reserved 1114112K
  class space    used 697K, committed 832K, reserved 1048576K
}
Event: 15.909 GC heap before
{Heap before GC invocations=1 (full 0):
 garbage-first heap   total 260096K, used 31253K [0x0000000703200000, 0x0000000800000000)
  region size 2048K, 15 young (30720K), 2 survivors (4096K)
 Metaspace       used 13348K, committed 13632K, reserved 1114112K
  class space    used 1572K, committed 1728K, reserved 1048576K
}
Event: 15.916 GC heap after
{Heap after GC invocations=2 (full 0):
 garbage-first heap   total 260096K, used 9368K [0x0000000703200000, 0x0000000800000000)
  region size 2048K, 2 young (4096K), 2 survivors (4096K)
 Metaspace       used 13348K, committed 13632K, reserved 1114112K
  class space    used 1572K, committed 1728K, reserved 1048576K
}
Event: 19.518 GC heap before
{Heap before GC invocations=2 (full 0):
 garbage-first heap   total 260096K, used 50328K [0x0000000703200000, 0x0000000800000000)
  region size 2048K, 24 young (49152K), 2 survivors (4096K)
 Metaspace       used 21259K, committed 21504K, reserved 1114112K
  class space    used 2554K, committed 2688K, reserved 1048576K
}
Event: 19.527 GC heap after
{Heap after GC invocations=3 (full 0):
 garbage-first heap   total 260096K, used 12936K [0x0000000703200000, 0x0000000800000000)
  region size 2048K, 3 young (6144K), 3 survivors (6144K)
 Metaspace       used 21259K, committed 21504K, reserved 1114112K
  class space    used 2554K, committed 2688K, reserved 1048576K
}

Dll operation events (11 events):
Event: 0.231 Loaded shared library C:\Program Files\Java\jdk-21\bin\java.dll
Event: 0.284 Loaded shared library C:\Program Files\Java\jdk-21\bin\jsvml.dll
Event: 0.408 Loaded shared library C:\Program Files\Java\jdk-21\bin\zip.dll
Event: 0.504 Loaded shared library C:\Program Files\Java\jdk-21\bin\instrument.dll
Event: 0.586 Loaded shared library C:\Program Files\Java\jdk-21\bin\net.dll
Event: 0.611 Loaded shared library C:\Program Files\Java\jdk-21\bin\nio.dll
Event: 0.654 Loaded shared library C:\Program Files\Java\jdk-21\bin\zip.dll
Event: 4.615 Loaded shared library C:\Program Files\JetBrains\IntelliJ IDEA Community Edition 2024.1.1\bin\breakgen64.dll
Event: 4.682 Loaded shared library C:\Program Files\Java\jdk-21\bin\extnet.dll
Event: 5.385 Loaded shared library C:\Program Files\Java\jdk-21\bin\jimage.dll
Event: 17.267 Loaded shared library C:\Program Files\Java\jdk-21\bin\sunmscapi.dll

Deoptimization events (20 events):
Event: 20.447 Thread 0x000001684596adf0 Uncommon trap: trap_request=0xffffff45 fr.pc=0x0000016857b534a4 relative=0x0000000000000204
Event: 20.447 Thread 0x000001684596adf0 Uncommon trap: reason=unstable_if action=reinterpret pc=0x0000016857b534a4 method=org.springframework.beans.factory.support.AbstractBeanFactory.getBeanPostProcessorCache()Lorg/springframework/beans/factory/support/AbstractBeanFactory$BeanPostProcessorCach
Event: 20.447 Thread 0x000001684596adf0 DEOPT PACKING pc=0x0000016857b534a4 sp=0x000000058c3fee30
Event: 20.447 Thread 0x000001684596adf0 DEOPT UNPACKING pc=0x00000168574a46a2 sp=0x000000058c3fedc0 mode 2
Event: 20.455 Thread 0x000001684596adf0 Uncommon trap: trap_request=0xffffff45 fr.pc=0x0000016857b2858c relative=0x000000000000044c
Event: 20.455 Thread 0x000001684596adf0 Uncommon trap: reason=unstable_if action=reinterpret pc=0x0000016857b2858c method=org.springframework.beans.factory.support.DefaultSingletonBeanRegistry.getSingleton(Ljava/lang/String;Z)Ljava/lang/Object; @ 20 c2
Event: 20.455 Thread 0x000001684596adf0 DEOPT PACKING pc=0x0000016857b2858c sp=0x000000058c3fda60
Event: 20.455 Thread 0x000001684596adf0 DEOPT UNPACKING pc=0x00000168574a46a2 sp=0x000000058c3fd9e8 mode 2
Event: 20.623 Thread 0x000001684596adf0 Uncommon trap: trap_request=0xfffffff4 fr.pc=0x0000016857b9cadc relative=0x000000000000011c
Event: 20.623 Thread 0x000001684596adf0 Uncommon trap: reason=null_check action=make_not_entrant pc=0x0000016857b9cadc method=java.lang.reflect.Method.equals(Ljava/lang/Object;)Z @ 1 c2
Event: 20.623 Thread 0x000001684596adf0 DEOPT PACKING pc=0x0000016857b9cadc sp=0x000000058c3fd510
Event: 20.623 Thread 0x000001684596adf0 DEOPT UNPACKING pc=0x00000168574a46a2 sp=0x000000058c3fd4a8 mode 2
Event: 20.639 Thread 0x000001684596adf0 Uncommon trap: trap_request=0xffffff45 fr.pc=0x0000016857b0c050 relative=0x0000000000000530
Event: 20.639 Thread 0x000001684596adf0 Uncommon trap: reason=unstable_if action=reinterpret pc=0x0000016857b0c050 method=org.springframework.util.ConcurrentReferenceHashMap$Segment.findInChain(Lorg/springframework/util/ConcurrentReferenceHashMap$Reference;Ljava/lang/Object;I)Lorg/springframewo
Event: 20.639 Thread 0x000001684596adf0 DEOPT PACKING pc=0x0000016857b0c050 sp=0x000000058c3fcdb0
Event: 20.639 Thread 0x000001684596adf0 DEOPT UNPACKING pc=0x00000168574a46a2 sp=0x000000058c3fcbd8 mode 2
Event: 20.639 Thread 0x000001684596adf0 Uncommon trap: trap_request=0xffffff45 fr.pc=0x0000016857b00ea0 relative=0x0000000000000260
Event: 20.639 Thread 0x000001684596adf0 Uncommon trap: reason=unstable_if action=reinterpret pc=0x0000016857b00ea0 method=org.springframework.util.ConcurrentReferenceHashMap$Segment.findInChain(Lorg/springframework/util/ConcurrentReferenceHashMap$Reference;Ljava/lang/Object;I)Lorg/springframewo
Event: 20.639 Thread 0x000001684596adf0 DEOPT PACKING pc=0x0000016857b00ea0 sp=0x000000058c3fcb40
Event: 20.639 Thread 0x000001684596adf0 DEOPT UNPACKING pc=0x00000168574a46a2 sp=0x000000058c3fcae8 mode 2

Classes loaded (20 events):
Event: 20.281 Loading class java/util/LinkedList$ListItr
Event: 20.290 Loading class java/util/LinkedList$ListItr done
Event: 20.296 Loading class jdk/internal/org/objectweb/asm/ClassReader
Event: 20.308 Loading class jdk/internal/org/objectweb/asm/ClassReader done
Event: 20.312 Loading class java/lang/invoke/DirectMethodHandle$StaticAccessor
Event: 20.312 Loading class java/lang/invoke/DirectMethodHandle$StaticAccessor done
Event: 20.453 Loading class javax/naming/NameNotFoundException
Event: 20.453 Loading class javax/naming/NameNotFoundException done
Event: 20.514 Loading class sun/invoke/util/ValueConversions$1
Event: 20.516 Loading class sun/invoke/util/ValueConversions$1 done
Event: 20.517 Loading class java/lang/invoke/BoundMethodHandle$Species_LI
Event: 20.517 Loading class java/lang/invoke/BoundMethodHandle$Species_LI done
Event: 20.585 Loading class java/lang/Class$EnclosingMethodInfo
Event: 20.585 Loading class java/lang/Class$EnclosingMethodInfo done
Event: 20.585 Loading class java/lang/reflect/AnnotatedType
Event: 20.591 Loading class java/lang/reflect/AnnotatedType done
Event: 20.647 Loading class java/io/ObjectInputStream
Event: 20.660 Loading class java/io/ObjectInput
Event: 20.667 Loading class java/io/ObjectInput done
Event: 20.667 Loading class java/io/ObjectStreamConstants

Classes unloaded (0 events):
No events

Classes redefined (0 events):
No events

Internal exceptions (20 events):
Event: 20.179 Thread 0x000001684596adf0 Exception <a 'java/lang/NoSuchMethodError'{0x0000000705bbded8}: 'int java.lang.invoke.DirectMethodHandle$Holder.invokeStatic(java.lang.Object, long)'> (0x0000000705bbded8) 
thrown [s\open\src\hotspot\share\interpreter\linkResolver.cpp, line 773]
Event: 20.183 Thread 0x000001684596adf0 Exception <a 'java/lang/NoSuchMethodError'{0x0000000705be0288}: 'int java.lang.invoke.DirectMethodHandle$Holder.invokeSpecial(java.lang.Object, java.lang.Object, int)'> (0x0000000705be0288) 
thrown [s\open\src\hotspot\share\interpreter\linkResolver.cpp, line 773]
Event: 20.184 Thread 0x000001684596adf0 Exception <a 'java/lang/NoSuchMethodError'{0x0000000705be76d8}: 'int java.lang.invoke.Invokers$Holder.linkToTargetMethod(java.lang.Object, java.lang.Object)'> (0x0000000705be76d8) 
thrown [s\open\src\hotspot\share\interpreter\linkResolver.cpp, line 773]
Event: 20.224 Thread 0x000001684596adf0 Exception <a 'java/lang/NoSuchMethodError'{0x0000000705871538}: 'java.lang.Object java.lang.invoke.Invokers$Holder.invoke_MT(java.lang.Object, java.lang.Object, java.lang.Object, java.lang.Object, java.lang.Object, java.lang.Object, java.lang.Object, java.lang.Object, java.lang.Object, java.lang.Object)'> (0x0000000705871538) 
thrown [s\open\src\hotspot\share\interpreter\linkResolver.cpp, line 773]
Event: 20.238 Thread 0x000001684596adf0 Exception <a 'java/lang/NoSuchMethodError'{0x00000007058ab3f0}: 'java.lang.Object java.lang.invoke.DirectMethodHandle$Holder.invokeSpecial(java.lang.Object, java.lang.Object, int, java.lang.Object, java.lang.Object)'> (0x00000007058ab3f0) 
thrown [s\open\src\hotspot\share\interpreter\linkResolver.cpp, line 773]
Event: 20.238 Thread 0x000001684596adf0 Exception <a 'java/lang/NoSuchMethodError'{0x00000007058aee20}: 'java.lang.Object java.lang.invoke.DelegatingMethodHandle$Holder.delegate(java.lang.Object, int, java.lang.Object, java.lang.Object)'> (0x00000007058aee20) 
thrown [s\open\src\hotspot\share\interpreter\linkResolver.cpp, line 773]
Event: 20.247 Thread 0x000001684596adf0 Exception <a 'java/lang/NoSuchMethodError'{0x00000007058be148}: 'int java.lang.invoke.Invokers$Holder.linkToTargetMethod(java.lang.Object, java.lang.Object, java.lang.Object)'> (0x00000007058be148) 
thrown [s\open\src\hotspot\share\interpreter\linkResolver.cpp, line 773]
Event: 20.313 Thread 0x000001684596adf0 Exception <a 'java/lang/NoSuchMethodError'{0x000000070595d3b8}: 'void java.lang.invoke.Invokers$Holder.invokeExact_MT(java.lang.Object, java.lang.Object, java.lang.Object)'> (0x000000070595d3b8) 
thrown [s\open\src\hotspot\share\interpreter\linkResolver.cpp, line 773]
Event: 20.393 Thread 0x000001684596adf0 Exception <a 'java/lang/NoClassDefFoundError'{0x0000000705650f90}: org/flywaydb/core/Flyway> (0x0000000705650f90) 
thrown [s\open\src\hotspot\share\classfile\systemDictionary.cpp, line 301]
Event: 20.393 Thread 0x000001684596adf0 Exception <a 'java/lang/NoClassDefFoundError'{0x00000007056521e8}: liquibase/integration/spring/SpringLiquibase> (0x00000007056521e8) 
thrown [s\open\src\hotspot\share\classfile\systemDictionary.cpp, line 301]
Event: 20.434 Thread 0x000001684596adf0 Exception <a 'java/lang/NoClassDefFoundError'{0x00000007054e4018}: org/jooq/DSLContext> (0x00000007054e4018) 
thrown [s\open\src\hotspot\share\classfile\systemDictionary.cpp, line 301]
Event: 20.435 Thread 0x000001684596adf0 Exception <a 'java/lang/NoClassDefFoundError'{0x00000007054ef3d0}: org/springframework/batch/core/repository/JobRepository> (0x00000007054ef3d0) 
thrown [s\open\src\hotspot\share\classfile\systemDictionary.cpp, line 301]
Event: 20.435 Thread 0x000001684596adf0 Exception <a 'java/lang/NoClassDefFoundError'{0x00000007054f03b0}: org/quartz/Scheduler> (0x00000007054f03b0) 
thrown [s\open\src\hotspot\share\classfile\systemDictionary.cpp, line 301]
Event: 20.435 Thread 0x000001684596adf0 Exception <a 'java/lang/NoClassDefFoundError'{0x00000007054f1788}: org/springframework/session/jdbc/JdbcIndexedSessionRepository> (0x00000007054f1788) 
thrown [s\open\src\hotspot\share\classfile\systemDictionary.cpp, line 301]
Event: 20.507 Thread 0x000001684596adf0 Exception <a 'java/lang/NoSuchMethodError'{0x00000007055f6880}: 'void java.lang.invoke.DirectMethodHandle$Holder.invokeSpecial(java.lang.Object, java.lang.Object, java.lang.Object, java.lang.Object, java.lang.Object, java.lang.Object)'> (0x00000007055f6880) 
thrown [s\open\src\hotspot\share\interpreter\linkResolver.cpp, line 773]
Event: 20.513 Thread 0x000001684596adf0 Exception <a 'java/lang/NoSuchMethodError'{0x0000000705234670}: 'void java.lang.invoke.DirectMethodHandle$Holder.invokeVirtual(java.lang.Object, java.lang.Object, int)'> (0x0000000705234670) 
thrown [s\open\src\hotspot\share\interpreter\linkResolver.cpp, line 773]
Event: 20.517 Thread 0x000001684596adf0 Exception <a 'java/lang/NoSuchMethodError'{0x0000000705238520}: 'int java.lang.invoke.DirectMethodHandle$Holder.invokeSpecial(java.lang.Object, java.lang.Object, java.lang.Object, int)'> (0x0000000705238520) 
thrown [s\open\src\hotspot\share\interpreter\linkResolver.cpp, line 773]
Event: 20.518 Thread 0x000001684596adf0 Exception <a 'java/lang/NoSuchMethodError'{0x000000070524a258}: 'java.lang.Object java.lang.invoke.DirectMethodHandle$Holder.invokeStatic(java.lang.Object, java.lang.Object, java.lang.Object, java.lang.Object, int)'> (0x000000070524a258) 
thrown [s\open\src\hotspot\share\interpreter\linkResolver.cpp, line 773]
Event: 20.520 Thread 0x000001684596adf0 Exception <a 'java/lang/NoSuchMethodError'{0x0000000705254910}: 'void java.lang.invoke.DelegatingMethodHandle$Holder.reinvoke_L(java.lang.Object, java.lang.Object, int)'> (0x0000000705254910) 
thrown [s\open\src\hotspot\share\interpreter\linkResolver.cpp, line 773]
Event: 20.623 Thread 0x000001684596adf0 Implicit null exception at 0x0000016857b9ca00 to 0x0000016857b9cacd

ZGC Phase Switch (0 events):
No events

VM Operations (20 events):
Event: 19.391 Executing VM operation: HandshakeAllThreads (Deoptimize)
Event: 19.391 Executing VM operation: HandshakeAllThreads (Deoptimize) done
Event: 19.408 Executing VM operation: HandshakeAllThreads (Deoptimize)
Event: 19.408 Executing VM operation: HandshakeAllThreads (Deoptimize) done
Event: 19.410 Executing VM operation: HandshakeAllThreads (Deoptimize)
Event: 19.410 Executing VM operation: HandshakeAllThreads (Deoptimize) done
Event: 19.518 Executing VM operation: CollectForMetadataAllocation (Metadata GC Threshold)
Event: 19.527 Executing VM operation: CollectForMetadataAllocation (Metadata GC Threshold) done
Event: 19.538 Executing VM operation: G1PauseRemark
Event: 19.560 Executing VM operation: G1PauseRemark done
Event: 19.562 Executing VM operation: G1PauseCleanup
Event: 19.562 Executing VM operation: G1PauseCleanup done
Event: 19.736 Executing VM operation: HandshakeAllThreads (Deoptimize)
Event: 19.736 Executing VM operation: HandshakeAllThreads (Deoptimize) done
Event: 20.165 Executing VM operation: HandshakeAllThreads (Deoptimize)
Event: 20.165 Executing VM operation: HandshakeAllThreads (Deoptimize) done
Event: 20.188 Executing VM operation: HandshakeAllThreads (Deoptimize)
Event: 20.188 Executing VM operation: HandshakeAllThreads (Deoptimize) done
Event: 20.509 Executing VM operation: ICBufferFull
Event: 20.509 Executing VM operation: ICBufferFull done

Events (20 events):
Event: 1.286 Thread 0x00000168673c7b40 Thread added: 0x00000168673c7b40
Event: 1.422 Thread 0x00000168673c7b40 Thread exited: 0x00000168673c7b40
Event: 4.616 Thread 0x0000016867694d10 Thread added: 0x0000016867694d10
Event: 4.616 Thread 0x0000016867695380 Thread added: 0x0000016867695380
Event: 5.983 Thread 0x0000016867754390 Thread added: 0x0000016867754390
Event: 6.235 Thread 0x0000016867754390 Thread exited: 0x0000016867754390
Event: 12.755 Thread 0x0000016867cc2d70 Thread added: 0x0000016867cc2d70
Event: 13.494 Thread 0x000001686790b110 Thread added: 0x000001686790b110
Event: 13.631 Thread 0x0000016867cc2d70 Thread exited: 0x0000016867cc2d70
Event: 15.643 Thread 0x0000016867ba8860 Thread added: 0x0000016867ba8860
Event: 15.868 Thread 0x0000016867ba8860 Thread exited: 0x0000016867ba8860
Event: 17.039 Thread 0x000001686c5d7ba0 Thread added: 0x000001686c5d7ba0
Event: 17.278 Thread 0x000001686c6736d0 Thread added: 0x000001686c6736d0
Event: 17.308 Thread 0x000001686790b110 Thread exited: 0x000001686790b110
Event: 17.365 Thread 0x000001686c5d7ba0 Thread exited: 0x000001686c5d7ba0
Event: 17.507 Thread 0x000001686c6736d0 Thread exited: 0x000001686c6736d0
Event: 19.092 Thread 0x000001686ce63ff0 Thread added: 0x000001686ce63ff0
Event: 19.159 Thread 0x000001686ce02be0 Thread added: 0x000001686ce02be0
Event: 19.570 Thread 0x000001686ce02be0 Thread exited: 0x000001686ce02be0
Event: 19.878 Thread 0x000001686e4eab00 Thread added: 0x000001686e4eab00


Dynamic libraries:
0x00007ff6925e0000 - 0x00007ff6925f0000 	C:\Program Files\Java\jdk-21\bin\java.exe
0x00007ffb1b1f0000 - 0x00007ffb1b3e8000 	C:\Windows\SYSTEM32\ntdll.dll
0x00007ffb1a590000 - 0x00007ffb1a652000 	C:\Windows\System32\KERNEL32.DLL
0x00007ffb18e90000 - 0x00007ffb1918e000 	C:\Windows\System32\KERNELBASE.dll
0x00007ffb18d90000 - 0x00007ffb18e90000 	C:\Windows\System32\ucrtbase.dll
0x00007ffb120d0000 - 0x00007ffb120e9000 	C:\Program Files\Java\jdk-21\bin\jli.dll
0x00007ffb12830000 - 0x00007ffb1284b000 	C:\Program Files\Java\jdk-21\bin\VCRUNTIME140.dll
0x00007ffb1a330000 - 0x00007ffb1a3e1000 	C:\Windows\System32\ADVAPI32.dll
0x00007ffb19f90000 - 0x00007ffb1a02e000 	C:\Windows\System32\msvcrt.dll
0x00007ffb19d70000 - 0x00007ffb19e0f000 	C:\Windows\System32\sechost.dll
0x00007ffb1a3f0000 - 0x00007ffb1a513000 	C:\Windows\System32\RPCRT4.dll
0x00007ffb191e0000 - 0x00007ffb19207000 	C:\Windows\System32\bcrypt.dll
0x00007ffb19210000 - 0x00007ffb193ad000 	C:\Windows\System32\USER32.dll
0x00007ffb18920000 - 0x00007ffb18942000 	C:\Windows\System32\win32u.dll
0x00007ffaf3c30000 - 0x00007ffaf3eca000 	C:\Windows\WinSxS\amd64_microsoft.windows.common-controls_6595b64144ccf1df_6.0.19041.4355_none_60b8b9eb71f62e16\COMCTL32.dll
0x00007ffb19e80000 - 0x00007ffb19eab000 	C:\Windows\System32\GDI32.dll
0x00007ffb18bd0000 - 0x00007ffb18ce7000 	C:\Windows\System32\gdi32full.dll
0x00007ffb18cf0000 - 0x00007ffb18d8d000 	C:\Windows\System32\msvcp_win.dll
0x00007ffb100e0000 - 0x00007ffb100ea000 	C:\Windows\SYSTEM32\VERSION.dll
0x00007ffb1a170000 - 0x00007ffb1a19f000 	C:\Windows\System32\IMM32.DLL
0x00007ffb15500000 - 0x00007ffb1550c000 	C:\Program Files\Java\jdk-21\bin\vcruntime140_1.dll
0x00007ffacffa0000 - 0x00007ffad002e000 	C:\Program Files\Java\jdk-21\bin\msvcp140.dll
0x00007ffa64210000 - 0x00007ffa64f1d000 	C:\Program Files\Java\jdk-21\bin\server\jvm.dll
0x00007ffb19e10000 - 0x00007ffb19e7b000 	C:\Windows\System32\WS2_32.dll
0x00007ffb17db0000 - 0x00007ffb17dfb000 	C:\Windows\SYSTEM32\POWRPROF.dll
0x00007ffb15c30000 - 0x00007ffb15c57000 	C:\Windows\SYSTEM32\WINMM.dll
0x00007ffb17c70000 - 0x00007ffb17c82000 	C:\Windows\SYSTEM32\UMPDC.dll
0x00007ffb17070000 - 0x00007ffb17082000 	C:\Windows\SYSTEM32\kernel.appcore.dll
0x00007ffb12050000 - 0x00007ffb1205a000 	C:\Program Files\Java\jdk-21\bin\jimage.dll
0x00007ffb16440000 - 0x00007ffb16624000 	C:\Windows\SYSTEM32\DBGHELP.DLL
0x00007ffb15bf0000 - 0x00007ffb15c24000 	C:\Windows\SYSTEM32\dbgcore.DLL
0x00007ffb18890000 - 0x00007ffb18912000 	C:\Windows\System32\bcryptPrimitives.dll
0x00007ffaebd00000 - 0x00007ffaebd0f000 	C:\Program Files\Java\jdk-21\bin\instrument.dll
0x00007ffb11ec0000 - 0x00007ffb11edf000 	C:\Program Files\Java\jdk-21\bin\java.dll
0x00007ffb1a6e0000 - 0x00007ffb1ae4d000 	C:\Windows\System32\SHELL32.dll
0x00007ffb168b0000 - 0x00007ffb17054000 	C:\Windows\SYSTEM32\windows.storage.dll
0x00007ffb1ae50000 - 0x00007ffb1b1a3000 	C:\Windows\System32\combase.dll
0x00007ffb182c0000 - 0x00007ffb182ee000 	C:\Windows\SYSTEM32\Wldp.dll
0x00007ffb198c0000 - 0x00007ffb1998d000 	C:\Windows\System32\OLEAUT32.dll
0x00007ffb1a060000 - 0x00007ffb1a10d000 	C:\Windows\System32\SHCORE.dll
0x00007ffb19990000 - 0x00007ffb199e5000 	C:\Windows\System32\shlwapi.dll
0x00007ffb187c0000 - 0x00007ffb187e4000 	C:\Windows\SYSTEM32\profapi.dll
0x00007ffac8220000 - 0x00007ffac82f7000 	C:\Program Files\Java\jdk-21\bin\jsvml.dll
0x00007ffaec000000 - 0x00007ffaec018000 	C:\Program Files\Java\jdk-21\bin\zip.dll
0x00007ffaec2c0000 - 0x00007ffaec2d0000 	C:\Program Files\Java\jdk-21\bin\net.dll
0x00007ffb14470000 - 0x00007ffb1457d000 	C:\Windows\SYSTEM32\WINHTTP.dll
0x00007ffb18020000 - 0x00007ffb1808a000 	C:\Windows\system32\mswsock.dll
0x00007ffaec160000 - 0x00007ffaec176000 	C:\Program Files\Java\jdk-21\bin\nio.dll
0x00007ffaebc10000 - 0x00007ffaebc2a000 	C:\Program Files\JetBrains\IntelliJ IDEA Community Edition 2024.1.1\bin\breakgen64.dll
0x00007ffaebd10000 - 0x00007ffaebd19000 	C:\Program Files\Java\jdk-21\bin\extnet.dll
0x00007ffaebe00000 - 0x00007ffaebe0e000 	C:\Program Files\Java\jdk-21\bin\sunmscapi.dll
0x00007ffb18950000 - 0x00007ffb18aac000 	C:\Windows\System32\CRYPT32.dll
0x00007ffb18330000 - 0x00007ffb18357000 	C:\Windows\SYSTEM32\ncrypt.dll
0x00007ffb182f0000 - 0x00007ffb1832b000 	C:\Windows\SYSTEM32\NTASN1.dll

dbghelp: loaded successfully - version: 4.0.5 - missing functions: none
symbol engine: initialized successfully - sym options: 0x614 - pdb path: .;C:\Program Files\Java\jdk-21\bin;C:\Windows\SYSTEM32;C:\Windows\WinSxS\amd64_microsoft.windows.common-controls_6595b64144ccf1df_6.0.19041.4355_none_60b8b9eb71f62e16;C:\Program Files\Java\jdk-21\bin\server;C:\Program Files\JetBrains\IntelliJ IDEA Community Edition 2024.1.1\bin

VM Arguments:
jvm_args: -javaagent:C:\Program Files\JetBrains\IntelliJ IDEA Community Edition 2024.1.1\lib\idea_rt.jar=52162:C:\Program Files\JetBrains\IntelliJ IDEA Community Edition 2024.1.1\bin -Dfile.encoding=UTF-8 -Dsun.stdout.encoding=UTF-8 -Dsun.stderr.encoding=UTF-8 
java_command: com.example.assignment3.assignment3_backend.Assignment3BackendApplication
java_class_path (initial): C:\Users\Suhas\Desktop\Courses - Fall 2024\SWE 642\Assignments\Assignmnet 3\assignment3-backend\target\classes;C:\Users\Suhas\.m2\repository\org\springframework\boot\spring-boot-starter-data-jpa\3.3.5\spring-boot-starter-data-jpa-3.3.5.jar;C:\Users\Suhas\.m2\repository\org\springframework\boot\spring-boot-starter-aop\3.3.5\spring-boot-starter-aop-3.3.5.jar;C:\Users\Suhas\.m2\repository\org\springframework\spring-aop\6.1.14\spring-aop-6.1.14.jar;C:\Users\Suhas\.m2\repository\org\aspectj\aspectjweaver\1.9.22.1\aspectjweaver-1.9.22.1.jar;C:\Users\Suhas\.m2\repository\org\springframework\boot\spring-boot-starter-jdbc\3.3.5\spring-boot-starter-jdbc-3.3.5.jar;C:\Users\Suhas\.m2\repository\com\zaxxer\HikariCP\5.1.0\HikariCP-5.1.0.jar;C:\Users\Suhas\.m2\repository\org\springframework\spring-jdbc\6.1.14\spring-jdbc-6.1.14.jar;C:\Users\Suhas\.m2\repository\org\hibernate\orm\hibernate-core\6.5.3.Final\hibernate-core-6.5.3.Final.jar;C:\Users\Suhas\.m2\repository\jakarta\persistence\jakarta.persistence-api\3.1.0\jakarta.persistence-api-3.1.0.jar;C:\Users\Suhas\.m2\repository\jakarta\transaction\jakarta.transaction-api\2.0.1\jakarta.transaction-api-2.0.1.jar;C:\Users\Suhas\.m2\repository\org\jboss\logging\jboss-logging\3.5.3.Final\jboss-logging-3.5.3.Final.jar;C:\Users\Suhas\.m2\repository\org\hibernate\common\hibernate-commons-annotations\6.0.6.Final\hibernate-commons-annotations-6.0.6.Final.jar;C:\Users\Suhas\.m2\repository\io\smallrye\jandex\3.1.2\jandex-3.1.2.jar;C:\Users\Suhas\.m2\repository\com\fasterxml\classmate\1.7.0\classmate-1.7.0.jar;C:\Users\Suhas\.m2\repository\net\bytebuddy\byte-buddy\1.14.19\byte-buddy-1.14.19.jar;C:\Users\Suhas\.m2\repository\org\glassfish\jaxb\jaxb-runtime\4.0.5\jaxb-runtime-4.0.5.jar;C:\Users\Suhas\.m2\repository\org\glassfish\jaxb\jaxb-core\4.0.5\jaxb-core-4.0.5.jar;C:\Users\Suhas\.m2\repository\org\eclipse\angus\angus-activation\2.0.2\angus-activation-2.0.2.jar;C:\Users\Suhas\.m2\repository\org\glassfish\jaxb\txw2\4.0.5\txw2-4.0.5.jar;C:\Users\Suhas\.m2\repository\com\sun\istack\istack-commons-runtime\4.1.2\istack-commons-runtime-4.1.2.jar;C:\Users\Suhas\.m2\repository\jakarta\inject\jakarta.inject-api\2.0.1\jakarta.inject-api-2.0.1.jar;C:\Users\Suhas\.m2\repository\org\antlr\antlr4-runtime\4.13.0\antlr4-runtime-4.13.0.jar;C:\Users\Suhas\.m2\repository\org\springframework\data\spring-data-jpa\3.3.5\spring-data-jpa-3.3.5.jar;C:\Users\Suhas\.m2\repository\org\springframework\data\spring-data-commons\3.3.5\spring-data-commons-3.3.5.jar;C:\Users\Suhas\.m2\repository\org\springframework\spring-orm\6.1.14\spring-orm-6.1.14.jar;C:\Users\Suhas\.m2\repository\org\springframework\spring-context\6.1.14\spring-context-6.1.14.jar;C:\Users\Suhas\.m2\repository\org\springframework\spring-tx\6.1.14\spring-tx-6.1.14.jar;C:\Users\Suhas\.m2\repository\org\springframework\spring-beans\6.1.14\spring-beans-6.1.14.jar;C:\Users\Suhas\.m2\repository\jakarta\annotation\jakarta.annotation-api\2.1.1\jakarta.annotation-api-2.1.1.jar;C:\Users\Suhas\.m2\repository\org\slf4j\slf4j-api\2.0.16\slf4j-api-2.0.16.jar;C:\Users\Suhas\.m2\repository\org\springframework\spring-aspects\6.1.14\spring-aspects-6.1.14.jar;C:\Users\Suhas\.m2\repository\org\springframework\boot\spring-boot-starter-web\3.3.5\spring-boot-starter-web-3.3.5.jar;C:\Users\Suhas\.m2\repository\org\springframework\boot\spring-boot-starter\3.3.5\spring-boot-starter-3.3.5.jar;C:\Users\Suhas\.m2\repository\org\springframework\boot\spring-boot\3.3.5\spring-boot-3.3.5.jar;C:\Users\Suhas\.m2\repository\org\springframework\boot\spring-boot-autoconfigure\3.3.5\spring-boot-autoconfigure-3.3.5.jar;C:\Users\Suhas\.m2\repository\org\springframework\boot\spring-boot-starter-logging\3.3.5\spring-boot-starter-logging-3.3.5.jar;C:\Users\Suhas\.m2\repository\ch\qos\logback\logback-classic\1.5.11\logback-classic-1.5.11.jar;C:\Users\Suhas\.m2\repository\ch\qos\logback\logback-core\1.5.11\logback-core-1.5.11.jar;C:\Users\Suhas\.m2\repository\org\apache\logging\log4j\log4j-to-slf4j\2.23.1\log4j-to-slf4j-2.23.1.jar;C:\Users\Suhas\.m2\repository\org\apache\logging\log4j\log4j-api\2.23.1\log4j-api-2.23.1.jar;C:\Users\Suhas\.m2\repository\org\slf4j\jul-to-slf4j\2.0.16\jul-to-slf4j-2.0.16.jar;C:\Users\Suhas\.m2\repository\org\yaml\snakeyaml\2.2\snakeyaml-2.2.jar;C:\Users\Suhas\.m2\repository\org\springframework\boot\spring-boot-starter-json\3.3.5\spring-boot-starter-json-3.3.5.jar;C:\Users\Suhas\.m2\repository\com\fasterxml\jackson\core\jackson-databind\2.17.2\jackson-databind-2.17.2.jar;C:\Users\Suhas\.m2\repository\com\fasterxml\jackson\core\jackson-annotations\2.17.2\jackson-annotations-2.17.2.jar;C:\Users\Suhas\.m2\repository\com\fasterxml\jackson\core\jackson-core\2.17.2\jackson-core-2.17.2.jar;C:\Users\Suhas\.m2\repository\com\fasterxml\jackson\datatype\jackson-datatype-jdk8\2.17.2\jackson-datatype-jdk8-2.17.2.jar;C:\Users\Suhas\.m2\repository\com\fasterxml\jackson\datatype\jackson-datatype-jsr310\2.17.2\jackson-datatype-jsr310-2.17.2.jar;C:\Users\Suhas\.m2\repository\com\fasterxml\jackson\module\jackson-module-parameter-names\2.17.2\jackson-module-parameter-names-2.17.2.jar;C:\Users\Suhas\.m2\repository\org\springframework\boot\spring-boot-starter-tomcat\3.3.5\spring-boot-starter-tomcat-3.3.5.jar;C:\Users\Suhas\.m2\repository\org\apache\tomcat\embed\tomcat-embed-core\10.1.31\tomcat-embed-core-10.1.31.jar;C:\Users\Suhas\.m2\repository\org\apache\tomcat\embed\tomcat-embed-el\10.1.31\tomcat-embed-el-10.1.31.jar;C:\Users\Suhas\.m2\repository\org\apache\tomcat\embed\tomcat-embed-websocket\10.1.31\tomcat-embed-websocket-10.1.31.jar;C:\Users\Suhas\.m2\repository\org\springframework\spring-web\6.1.14\spring-web-6.1.14.jar;C:\Users\Suhas\.m2\repository\io\micrometer\micrometer-observation\1.13.6\micrometer-observation-1.13.6.jar;C:\Users\Suhas\.m2\repository\io\micrometer\micrometer-commons\1.13.6\micrometer-commons-1.13.6.jar;C:\Users\Suhas\.m2\repository\org\springframework\spring-webmvc\6.1.14\spring-webmvc-6.1.14.jar;C:\Users\Suhas\.m2\repository\org\springframework\spring-expression\6.1.14\spring-expression-6.1.14.jar;C:\Users\Suhas\.m2\repository\com\mysql\mysql-connector-j\8.0.33\mysql-connector-j-8.0.33.jar;C:\Users\Suhas\.m2\repository\jakarta\xml\bind\jakarta.xml.bind-api\4.0.2\jakarta.xml.bind-api-4.0.2.jar;C:\Users\Suhas\.m2\repository\jakarta\activation\jakarta.activation-api\2.1.3\jakarta.activation-api-2.1.3.jar;C:\Users\Suhas\.m2\repository\org\springframework\spring-core\6.1.14\spring-core-6.1.14.jar;C:\Users\Suhas\.m2\repository\org\springframework\spring-jcl\6.1.14\spring-jcl-6.1.14.jar
Launcher Type: SUN_STANDARD

[Global flags]
     intx CICompilerCount                          = 4                                         {product} {ergonomic}
     uint ConcGCThreads                            = 3                                         {product} {ergonomic}
     uint G1ConcRefinementThreads                  = 10                                        {product} {ergonomic}
   size_t G1HeapRegionSize                         = 2097152                                   {product} {ergonomic}
    uintx GCDrainStackTargetSize                   = 64                                        {product} {ergonomic}
   size_t InitialHeapSize                          = 266338304                                 {product} {ergonomic}
   size_t MarkStackSize                            = 4194304                                   {product} {ergonomic}
   size_t MaxHeapSize                              = 4242538496                                {product} {ergonomic}
   size_t MaxNewSize                               = 2543845376                                {product} {ergonomic}
   size_t MinHeapDeltaBytes                        = 2097152                                   {product} {ergonomic}
   size_t MinHeapSize                              = 8388608                                   {product} {ergonomic}
    uintx NonNMethodCodeHeapSize                   = 5839372                                {pd product} {ergonomic}
    uintx NonProfiledCodeHeapSize                  = 122909434                              {pd product} {ergonomic}
    uintx ProfiledCodeHeapSize                     = 122909434                              {pd product} {ergonomic}
    uintx ReservedCodeCacheSize                    = 251658240                              {pd product} {ergonomic}
     bool SegmentedCodeCache                       = true                                      {product} {ergonomic}
   size_t SoftMaxHeapSize                          = 4242538496                             {manageable} {ergonomic}
     bool UseCompressedOops                        = true                           {product lp64_product} {ergonomic}
     bool UseG1GC                                  = true                                      {product} {ergonomic}
     bool UseLargePagesIndividualAllocation        = false                                  {pd product} {ergonomic}

Logging:
Log output configuration:
 #0: stdout all=warning uptime,level,tags foldmultilines=false
 #1: stderr all=off uptime,level,tags foldmultilines=false

Environment Variables:
PATH=C:\Program Files\NVIDIA GPU Computing Toolkit\CUDA\v12.1\bin;C:\Program Files\NVIDIA GPU Computing Toolkit\CUDA\v12.1\libnvvp;C:\Program Files\Common Files\Oracle\Java\javapath;C:\Program Files (x86)\Common Files\Oracle\Java\javapath;C:\Windows\system32;C:\Windows;C:\Windows\System32\Wbem;C:\Windows\System32\WindowsPowerShell\v1.0\;C:\Windows\System32\OpenSSH\;C:\Program Files (x86)\NVIDIA Corporation\PhysX\Common;C:\Program Files\NVIDIA Corporation\NVIDIA NvDLISR;C:\Program Files\dotnet\;C:\Program Files\NVIDIA GPU Computing Toolkit\CUDA\v12.6\extras\CUPTI\lib64;C:\Program Files\Git\cmd;C:\Users\Suhas\AppData\Roaming\nvm;C:\Program Files\nodejs;C:\Program Files\Docker\Docker\resources\bin;C:\Users\Suhas\.console-ninja\.bin;C:\Users\Suhas\AppData\Local\Programs\Python\Python38\;C:\Users\Suhas\AppData\Local\Programs\Python\Python38\Scripts\;C:\Users\Suhas\miniconda3;C:\Users\Suhas\miniconda3\Library\mingw-w64\bin;C:\Users\Suhas\miniconda3\Library\usr\bin;C:\Users\Suhas\miniconda3\Library\bin;C:\Users\Suhas\miniconda3\Scripts;C:\Users\Suhas\AppData\Local\Programs\Python\Python311\Scripts\;C:\Users\Suhas\AppData\Local\Programs\Python\Python311\;C:\Users\Suhas\AppData\Local\Microsoft\WindowsApps;C:\Program Files (x86)\Zorba XQuery Processor 3.0.0\bin;C:\Users\Suhas\AppData\Roaming\npm;C:\Users\Suhas\AppData\Local\Programs\Microsoft VS Code\bin;C:\Users\Suhas\AppData\Local\Pandoc\;C:\Program Files\Oracle\VirtualBox;C:\Program Files\Java;C:\Program Files (x86)\GnuWin32\bin;C:\Users\Suhas\Downloads\apache-maven-3.9.8-bin\apache-maven-3.9.8\bin;C:\Users\Suhas\AppData\Roaming\nvm;C:\Program Files\nodejs;C:\Program Files\MySQL\MySQL Server 9.1\bin;C:\Program Files\apache-maven-3.9.9\bin;
USERNAME=Swapneel
OS=Windows_NT
PROCESSOR_IDENTIFIER=Intel64 Family 6 Model 165 Stepping 2, GenuineIntel
TMP=C:\Users\Suhas\AppData\Local\Temp
TEMP=C:\Users\Suhas\AppData\Local\Temp




Periodic native trim disabled

---------------  S Y S T E M  ---------------

OS:
 Windows 10 , 64 bit Build 19041 (10.0.19041.5072)
OS uptime: 2 days 2:01 hours
Hyper-V role detected

CPU: total 12 (initial active 12) (6 cores per cpu, 2 threads per core) family 6 model 165 stepping 2 microcode 0xfc, cx8, cmov, fxsr, ht, mmx, 3dnowpref, sse, sse2, sse3, ssse3, sse4.1, sse4.2, popcnt, lzcnt, tsc, tscinvbit, avx, avx2, aes, erms, clmul, bmi1, bmi2, adx, fma, vzeroupper, clflush, clflushopt, hv, rdtscp, f16c
Processor Information for all 12 processors :
  Max Mhz: 2592, Current Mhz: 2592, Mhz Limit: 2592

Memory: 4k page, system-wide physical 16177M (321M free)
TotalPageFile size 43915M (AvailPageFile size 4M)
current process WorkingSet (physical memory assigned to process): 145M, peak: 166M
current process commit charge ("private bytes"): 212M, peak: 416M

vm_info: Java HotSpot(TM) 64-Bit Server VM (21.0.3+7-LTS-152) for windows-amd64 JRE (21.0.3+7-LTS-152), built on 2024-03-11T17:42:26Z by "mach5one" with MS VC++ 17.6 (VS2022)

END.
